// Jest Snapshot v1, https://goo.gl/fbAQLP

exports[`renders portal with siblings 1`] = `
[
  <View
    collapsable={false}
    pointerEvents="box-none"
    style={
      {
        "flex": 1,
      }
    }
  >
    <Text>
      Outside content
    </Text>
  </View>,
  <View
    collapsable={false}
    pointerEvents="box-none"
    style={
      {
        "bottom": 0,
        "left": 0,
        "position": "absolute",
        "right": 0,
        "top": 0,
      }
    }
  >
    <Text
      testID="content"
    >
      Portal content
    </Text>
  </View>,
]
`;
